[eduquest.itech-theme.com/home-5/index.html]
[backblue.gif]
[fade.gif]
[index.html]
[eduquest.itech-theme.com/wp-content/plugins/elementor/assets/lib/animations/animations.mince54.css]
[eduquest.itech-theme.com/wp-content/uploads/thepackprowidgetef10.css]
[eduquest.itech-theme.com/wp-content/plugins/tutor/assets/css/tutor-icon.minac31.css]
[eduquest.itech-theme.com/wp-content/plugins/tutor/assets/css/tutor.minac31.css]
[eduquest.itech-theme.com/wp-content/plugins/tutor/assets/css/tutor-front.minac31.css]
[eduquest.itech-theme.com/wp-content/uploads/thepackwidget8b7b.css]
[eduquest.itech-theme.com/wp-content/themes/eduquest/assets/css/defaultef10.css]
[eduquest.itech-theme.com/wp-content/themes/eduquest/styleef10.css]
[eduquest.itech-theme.com/wp-includes/css/dashicons.minef10.css]
[eduquest.itech-theme.com/wp-content/plugins/elementor/assets/lib/eicons/css/elementor-icons.mind54b.css]
[eduquest.itech-theme.com/wp-content/uploads/elementor/css/custom-frontend-lite.min9738.css]
[eduquest.itech-theme.com/wp-content/plugins/elementor/assets/lib/swiper/v8/css/swiper.min94a4.css]
[eduquest.itech-theme.com/wp-content/uploads/elementor/css/post-58d2e.css]
[eduquest.itech-theme.com/wp-content/plugins/eduquest-addon/assets/css/bootstrap.minef10.css]
[eduquest.itech-theme.com/wp-content/plugins/eduquest-addon/assets/css/masteref10.css]
[eduquest.itech-theme.com/wp-content/plugins/eduquest-addon/assets/css/meanmenu.minef10.css]
[eduquest.itech-theme.com/wp-content/plugins/eduquest-addon/assets/css/aosef10.css]
[eduquest.itech-theme.com/wp-content/plugins/the-pack-addon/assets/css/shortcode8b7b.css]
[eduquest.itech-theme.com/wp-content/plugins/the-pack-addon/assets/css/beerslider-styl8b7b.css]
[eduquest.itech-theme.com/wp-content/plugins/the-pack-addon/assets/css/plyr-styl8b7b.css]
[eduquest.itech-theme.com/wp-content/plugins/the-pack-addon/assets/css/slick-styl8b7b.css]
[eduquest.itech-theme.com/wp-content/plugins/the-pack-addon/assets/css/animate-styl8b7b.css]
[eduquest.itech-theme.com/wp-content/plugins/the-pack-addon/assets/css/highlight8b7b.css]
[eduquest.itech-theme.com/wp-content/plugins/the-pack-addon/assets/css/woocommerce8b7b.css]
[eduquest.itech-theme.com/wp-content/plugins/the-pack-addon/includes/extension/css/style8b7b.css]
[eduquest.itech-theme.com/wp-content/uploads/elementor/css/global2b7b.css]
[eduquest.itech-theme.com/wp-content/uploads/elementor/css/post-27933b62.css]
[eduquest.itech-theme.com/wp-content/plugins/the-pack-addon/assets/iconfont/themify-icons/themify-icons41fe.css]
[eduquest.itech-theme.com/wp-content/plugins/elementor/assets/lib/font-awesome/css/fontawesome.min52d5.css]
[eduquest.itech-theme.com/wp-content/plugins/elementor/assets/lib/font-awesome/css/solid.min52d5.css]
[eduquest.itech-theme.com/wp-content/plugins/elementor/assets/lib/font-awesome/css/brands.min52d5.css]
[eduquest.itech-theme.com/wp-includes/js/jquery/jquery.minf43b.js]
[eduquest.itech-theme.com/wp-includes/js/jquery/jquery-migrate.min5589.js]
[eduquest.itech-theme.com/wp-content/plugins/eduquest-addon/assets/js/bootstrap.bundle.minef10.js]
[eduquest.itech-theme.com/wp-content/uploads/2023/10/home5-logoblak.png]
[eduquest.itech-theme.com/wp-content/uploads/2023/08/g6.jpg]
[eduquest.itech-theme.com/wp-content/uploads/2023/08/mainblog.jpg]
[eduquest.itech-theme.com/wp-content/uploads/2023/10/home4-abt-img.png]
[eduquest.itech-theme.com/wp-content/uploads/elementor/css/custom-widget-icon-list.min3b62.css]
[eduquest.itech-theme.com/wp-content/uploads/2023/08/shape-51.png]
[eduquest.itech-theme.com/wp-content/uploads/2019/05/1_0002_18-1-1.jpg]
[eduquest.itech-theme.com/wp-content/uploads/2019/05/avatar4-1.png]
[eduquest.itech-theme.com/wp-content/uploads/2019/05/course3-1.jpg]
[eduquest.itech-theme.com/wp-content/uploads/2019/05/course6-1.jpg]
[eduquest.itech-theme.com/wp-content/uploads/2019/05/course1-1-1.jpg]
[eduquest.itech-theme.com/wp-content/uploads/2023/08/video-thumb-1-1024x505.jpg]
[eduquest.itech-theme.com/wp-content/uploads/2023/08/home5-c1.png]
[eduquest.itech-theme.com/wp-content/uploads/2023/08/home5-c2.png]
[eduquest.itech-theme.com/wp-content/uploads/2023/08/home5-c3.png]
[eduquest.itech-theme.com/wp-content/uploads/2023/08/home5-dot.png]
[eduquest.itech-theme.com/wp-content/uploads/2023/08/home5-t2.png]
[eduquest.itech-theme.com/wp-content/uploads/2023/08/home5-t3.png]
[eduquest.itech-theme.com/wp-content/uploads/2023/08/home5-t4.png]
[eduquest.itech-theme.com/wp-content/uploads/2023/08/home5-t1.png]
[eduquest.itech-theme.com/wp-content/uploads/2023/08/author-1.jpg]
[eduquest.itech-theme.com/wp-content/uploads/2019/05/course7-1.jpg]
[eduquest.itech-theme.com/wp-content/uploads/2019/05/course6-1-150x150.jpg]
[eduquest.itech-theme.com/wp-content/uploads/2019/05/course4-1-150x150.jpg]
[eduquest.itech-theme.com/wp-content/uploads/2023/10/home5-logo.png]
[eduquest.itech-theme.com/wp-content/uploads/2019/05/course5-1-150x150.jpg]
[eduquest.itech-theme.com/wp-content/uploads/2019/05/course3-1-150x150.jpg]
[eduquest.itech-theme.com/wp-includes/js/imagesloaded.minbb93.js]
[eduquest.itech-theme.com/wp-includes/js/masonry.min3a05.js]
[eduquest.itech-theme.com/wp-content/plugins/eduquest-addon/assets/js/kc-engineef10.js]
[eduquest.itech-theme.com/wp-content/plugins/eduquest-addon/assets/js/counteref10.js]
[eduquest.itech-theme.com/wp-content/plugins/eduquest-addon/assets/js/aosef10.js]
[eduquest.itech-theme.com/wp-content/plugins/eduquest-addon/assets/js/customef10.js]
[eduquest.itech-theme.com/wp-content/plugins/the-pack-addon-pro/assets/js/thepackproef10.js]
[eduquest.itech-theme.com/wp-content/plugins/the-pack-addon-pro/assets/js/jquery.marquee.minef10.js]
[eduquest.itech-theme.com/wp-content/plugins/the-pack-addon-pro/assets/js/kc-engineef10.js]
[eduquest.itech-theme.com/wp-content/plugins/the-pack-addon/assets/js/lazysizes.min8b7b.js]
[eduquest.itech-theme.com/wp-content/plugins/the-pack-addon/assets/js/jquery.nav8b7b.js]
[eduquest.itech-theme.com/wp-content/plugins/the-pack-addon/assets/js/rellax.min8b7b.js]
[eduquest.itech-theme.com/wp-content/plugins/the-pack-addon/assets/js/tilt.jquery.min8b7b.js]
[eduquest.itech-theme.com/wp-content/plugins/the-pack-addon/assets/js/circle-progress8b7b.js]
[eduquest.itech-theme.com/wp-content/plugins/the-pack-addon/assets/js/plyr8b7b.js]
[eduquest.itech-theme.com/wp-content/plugins/the-pack-addon/assets/js/countdown8b7b.js]
[eduquest.itech-theme.com/wp-content/plugins/the-pack-addon/assets/js/slick8b7b.js]
[eduquest.itech-theme.com/wp-content/plugins/the-pack-addon/assets/js/beerslider8b7b.js]
[eduquest.itech-theme.com/wp-content/plugins/the-pack-addon/assets/js/jarallax8b7b.js]
[eduquest.itech-theme.com/wp-content/plugins/the-pack-addon/assets/js/flex-images8b7b.js]
[eduquest.itech-theme.com/wp-content/plugins/the-pack-addon/assets/js/fitvideos8b7b.js]
[eduquest.itech-theme.com/wp-content/plugins/the-pack-addon/assets/js/highlight8b7b.js]
[eduquest.itech-theme.com/wp-content/plugins/the-pack-addon/assets/js/custom8b7b.js]
[eduquest.itech-theme.com/wp-includes/js/dist/vendor/wp-polyfill-inert.min0226.js]
[eduquest.itech-theme.com/wp-includes/js/dist/vendor/regenerator-runtime.min6c85.js]
[eduquest.itech-theme.com/wp-includes/js/dist/vendor/wp-polyfill.min2c7c.js]
[eduquest.itech-theme.com/wp-includes/js/dist/hooks.min2757.js]
[eduquest.itech-theme.com/wp-includes/js/dist/i18n.minc33c.js]
[eduquest.itech-theme.com/wp-content/plugins/tutor/assets/js/tutor.minac31.js]
[eduquest.itech-theme.com/wp-includes/js/quicktags.minef10.js]
[eduquest.itech-theme.com/wp-includes/js/jquery/ui/core.min3f14.js]
[eduquest.itech-theme.com/wp-includes/js/jquery/ui/mouse.min3f14.js]
[eduquest.itech-theme.com/wp-includes/js/jquery/ui/sortable.min3f14.js]
[eduquest.itech-theme.com/wp-includes/js/jquery/jquery.ui.touch-punchc682.js]
[eduquest.itech-theme.com/wp-content/plugins/tutor/assets/packages/SocialShare/SocialShare.minac31.js]
[eduquest.itech-theme.com/wp-content/plugins/tutor/assets/js/tutor-front.minac31.js]
[eduquest.itech-theme.com/wp-includes/js/jquery/ui/datepicker.min3f14.js]
[eduquest.itech-theme.com/wp-content/themes/eduquest/assets/js/scriptef10.js]
[eduquest.itech-theme.com/wp-content/plugins/elementor/assets/js/webpack.runtime.mince54.js]
[eduquest.itech-theme.com/wp-content/plugins/elementor/assets/js/frontend-modules.mince54.js]
[eduquest.itech-theme.com/wp-content/plugins/elementor/assets/lib/waypoints/waypoints.min05da.js]
[eduquest.itech-theme.com/wp-content/plugins/elementor/assets/js/frontend.mince54.js]
[eduquest.itech-theme.com/home-5/index.html]
[eduquest.itech-theme.com/wp-content/plugins/elementor/assets/lib/animations/animations.mince54.css]
[eduquest.itech-theme.com/wp-content/uploads/thepackprowidgetef10.css]
[eduquest.itech-theme.com/wp-content/plugins/tutor/assets/css/tutor-icon.minac31.css]
[eduquest.itech-theme.com/wp-content/plugins/tutor/assets/css/tutor.minac31.css]
[eduquest.itech-theme.com/wp-content/plugins/tutor/assets/css/tutor-front.minac31.css]
[eduquest.itech-theme.com/wp-content/uploads/thepackwidget8b7b.css]
[eduquest.itech-theme.com/wp-content/themes/eduquest/assets/css/defaultef10.css]
[eduquest.itech-theme.com/wp-content/themes/eduquest/styleef10.css]
[eduquest.itech-theme.com/wp-includes/css/dashicons.minef10.css]
[eduquest.itech-theme.com/wp-content/plugins/elementor/assets/lib/eicons/css/elementor-icons.mind54b.css]
[eduquest.itech-theme.com/wp-content/uploads/elementor/css/custom-frontend-lite.min9738.css]
[eduquest.itech-theme.com/wp-content/plugins/elementor/assets/lib/swiper/v8/css/swiper.min94a4.css]
[eduquest.itech-theme.com/wp-content/uploads/elementor/css/post-58d2e.css]
[eduquest.itech-theme.com/wp-content/plugins/eduquest-addon/assets/css/bootstrap.minef10.css]
[eduquest.itech-theme.com/wp-content/plugins/eduquest-addon/assets/css/masteref10.css]
[eduquest.itech-theme.com/wp-content/plugins/eduquest-addon/assets/css/meanmenu.minef10.css]
[eduquest.itech-theme.com/wp-content/plugins/eduquest-addon/assets/css/aosef10.css]
[eduquest.itech-theme.com/wp-content/plugins/the-pack-addon/assets/css/shortcode8b7b.css]
[eduquest.itech-theme.com/wp-content/plugins/the-pack-addon/assets/css/beerslider-styl8b7b.css]
[eduquest.itech-theme.com/wp-content/plugins/the-pack-addon/assets/css/plyr-styl8b7b.css]
[eduquest.itech-theme.com/wp-content/plugins/the-pack-addon/assets/css/slick-styl8b7b.css]
[eduquest.itech-theme.com/wp-content/plugins/the-pack-addon/assets/css/animate-styl8b7b.css]
[eduquest.itech-theme.com/wp-content/plugins/the-pack-addon/assets/css/highlight8b7b.css]
[eduquest.itech-theme.com/wp-content/plugins/the-pack-addon/assets/css/woocommerce8b7b.css]
[eduquest.itech-theme.com/wp-content/plugins/the-pack-addon/includes/extension/css/style8b7b.css]
[eduquest.itech-theme.com/wp-content/uploads/elementor/css/global2b7b.css]
[eduquest.itech-theme.com/wp-content/plugins/the-pack-addon/assets/js/sticky-effect8b7b.js]
[eduquest.itech-theme.com/wp-content/uploads/2023/08/home5-testibg.png]
[eduquest.itech-theme.com/wp-content/uploads/2023/08/footer-bg.png]
[eduquest.itech-theme.com/wp-content/uploads/elementor/css/post-27933b62.css]
[eduquest.itech-theme.com/wp-content/plugins/the-pack-addon/assets/iconfont/themify-icons/fonts/themify9f24.eot]
[eduquest.itech-theme.com/wp-content/plugins/the-pack-addon/assets/iconfont/themify-icons/fonts/themifyd41d.eot]
[eduquest.itech-theme.com/wp-content/plugins/the-pack-addon/assets/iconfont/themify-icons/fonts/themify9f24.woff]
[eduquest.itech-theme.com/wp-content/plugins/the-pack-addon/assets/iconfont/themify-icons/fonts/themify9f24.ttf]
[eduquest.itech-theme.com/wp-content/plugins/the-pack-addon/assets/iconfont/themify-icons/themify-icons41fe.css]
[eduquest.itech-theme.com/wp-content/plugins/elementor/assets/lib/font-awesome/css/fontawesome.min52d5.css]
[eduquest.itech-theme.com/wp-content/plugins/elementor/assets/lib/font-awesome/css/solid.min52d5.css]
[eduquest.itech-theme.com/wp-content/plugins/elementor/assets/lib/font-awesome/css/brands.min52d5.css]
[eduquest.itech-theme.com/wp-content/uploads/elementor/css/custom-widget-icon-list.min3b62.css]
[eduquest.itech-theme.com/wp-content/plugins/the-pack-addon/assets/iconfont/themify-icons/fonts/themify9f24.html]
[eduquest.itech-theme.com/wp-content/plugins/the-pack-addon/assets/iconfont/themify-icons/fonts/themifyd41d.html]
[eduquest.itech-theme.com/wp-content/plugins/the-pack-addon/assets/iconfont/themify-icons/fonts/themify9f24-2.html]
[eduquest.itech-theme.com/wp-content/plugins/the-pack-addon/assets/iconfont/themify-icons/fonts/themify9f24.svg]
[eduquest.itech-theme.com/wp-content/plugins/the-pack-addon/assets/iconfont/themify-icons/fonts/themify9f24.svg]
[eduquest.itech-theme.com/wp-content/uploads/elementor/css/custom-widget-icon-box.min2919.css]
[eduquest.itech-theme.com/wp-content/uploads/elementor/css/custom-widget-icon-box.min2919.css]
